[backblue.gif]
[fade.gif]
[index.html]
[www.authenticgoods.co/themes/quantum-pro/demos/demo2/index.html]
[www.authenticgoods.co/themes/quantum-pro/demos/demo2/index-2.html]
[www.authenticgoods.co/themes/quantum-pro/demos/demo2/dashboard.analytics.html]
[www.authenticgoods.co/themes/quantum-pro/demos/demo2/dashboard.financials.html]
[www.authenticgoods.co/themes/quantum-pro/demos/demo2/dashboard.ecommerce.html]
[www.authenticgoods.co/themes/quantum-pro/demos/demo2/layout.blank.html]
[www.authenticgoods.co/themes/quantum-pro/demos/demo2/layout.1-column-wide.html]
[www.authenticgoods.co/themes/quantum-pro/demos/demo2/layout.1-column-boxed.html]
[www.authenticgoods.co/themes/quantum-pro/demos/demo2/layout.tabbed-header.html]
[www.authenticgoods.co/themes/quantum-pro/demos/demo2/layout.left-sidebar.html]
[www.authenticgoods.co/themes/quantum-pro/demos/demo2/layout.right-sidebar.html]
[www.authenticgoods.co/themes/quantum-pro/demos/demo2/layout.left-right-sidebars.html]
[www.authenticgoods.co/themes/quantum-pro/demos/demo2/pages.profile.html]
[www.authenticgoods.co/themes/quantum-pro/demos/demo2/pages.help-center.html]
[www.authenticgoods.co/themes/quantum-pro/demos/demo2/pages.search.html]
[www.authenticgoods.co/themes/quantum-pro/demos/demo2/pages.pricing-tables.html]
[www.authenticgoods.co/themes/quantum-pro/demos/demo2/pages.my-account.html]
[www.authenticgoods.co/themes/quantum-pro/demos/demo2/pages.invoice-template.html]
[www.authenticgoods.co/themes/quantum-pro/demos/demo2/cards.basic-content-types.html]
[www.authenticgoods.co/themes/quantum-pro/demos/demo2/cards.basic-layouts.html]
[www.authenticgoods.co/themes/quantum-pro/demos/demo2/cards.basic-navigation.html]
[www.authenticgoods.co/themes/quantum-pro/demos/demo2/cards.basic-actions.html]
[www.authenticgoods.co/themes/quantum-pro/demos/demo2/ui.alerts.html]
[www.authenticgoods.co/themes/quantum-pro/demos/demo2/ui.badges.html]
[www.authenticgoods.co/themes/quantum-pro/demos/demo2/ui.buttons.html]
[www.authenticgoods.co/themes/quantum-pro/demos/demo2/ui.colors.html]
[www.authenticgoods.co/themes/quantum-pro/demos/demo2/ui.icons.html]
[www.authenticgoods.co/themes/quantum-pro/demos/demo2/ui.list-groups.html]
[www.authenticgoods.co/themes/quantum-pro/demos/demo2/ui.progress-bars.html]
[www.authenticgoods.co/themes/quantum-pro/demos/demo2/ui.preloaders.html]
[www.authenticgoods.co/themes/quantum-pro/demos/demo2/ui.typography.html]
[www.authenticgoods.co/themes/quantum-pro/demos/demo2/components.carousels.html]
[www.authenticgoods.co/themes/quantum-pro/demos/demo2/components.tabs-pills.html]
[www.authenticgoods.co/themes/quantum-pro/demos/demo2/components.dropdowns.html]
[www.authenticgoods.co/themes/quantum-pro/demos/demo2/components.modals.html]
[www.authenticgoods.co/themes/quantum-pro/demos/demo2/components.sweetalert2.html]
[www.authenticgoods.co/themes/quantum-pro/demos/demo2/components.scrollable.html]
[www.authenticgoods.co/themes/quantum-pro/demos/demo2/components.tooltips-popovers.html]
[www.authenticgoods.co/themes/quantum-pro/demos/demo2/components.ui-blocking.html]
[www.authenticgoods.co/themes/quantum-pro/demos/demo2/charts.chartjs.html]
[www.authenticgoods.co/themes/quantum-pro/demos/demo2/charts.c3charts.html]
[www.authenticgoods.co/themes/quantum-pro/demos/demo2/charts.morrisjs.html]
[www.authenticgoods.co/themes/quantum-pro/demos/demo2/charts.chartist.html]
[www.authenticgoods.co/themes/quantum-pro/demos/demo2/forms.basic-inputs.html]
[www.authenticgoods.co/themes/quantum-pro/demos/demo2/forms.checkbox-radio.html]
[www.authenticgoods.co/themes/quantum-pro/demos/demo2/forms.input-groups.html]
[www.authenticgoods.co/themes/quantum-pro/demos/demo2/forms.form-groups.html]
[www.authenticgoods.co/themes/quantum-pro/demos/demo2/forms.form-grid.html]
[www.authenticgoods.co/themes/quantum-pro/demos/demo2/forms.input-mask.html]
[www.authenticgoods.co/themes/quantum-pro/demos/demo2/forms.select2.html]
[www.authenticgoods.co/themes/quantum-pro/demos/demo2/forms.range-sliders.html]
[www.authenticgoods.co/themes/quantum-pro/demos/demo2/forms.switches.html]
[www.authenticgoods.co/themes/quantum-pro/demos/demo2/forms.date-pickers.html]
[www.authenticgoods.co/themes/quantum-pro/demos/demo2/forms.dropzone.html]
[www.authenticgoods.co/themes/quantum-pro/demos/demo2/forms.wysiwyg.html]
[www.authenticgoods.co/themes/quantum-pro/demos/demo2/forms.basic-validation.html]
[www.authenticgoods.co/themes/quantum-pro/demos/demo2/forms.jquery-validation.html]
[www.authenticgoods.co/themes/quantum-pro/demos/demo2/forms.vertical-wizard.html]
[www.authenticgoods.co/themes/quantum-pro/demos/demo2/forms.horizontal-wizard.html]
[www.authenticgoods.co/themes/quantum-pro/demos/demo2/tables.basic.html]
[www.authenticgoods.co/themes/quantum-pro/demos/demo2/tables.data.html]
[www.authenticgoods.co/themes/quantum-pro/demos/demo2/apps.mail.html]
[www.authenticgoods.co/themes/quantum-pro/demos/demo2/apps.messages.html]
[www.authenticgoods.co/themes/quantum-pro/demos/demo2/apps.contacts.html]
[www.authenticgoods.co/themes/quantum-pro/demos/demo2/apps.calendar.html]
[www.authenticgoods.co/themes/quantum-pro/demos/demo2/auth.sign-in.html]
[www.authenticgoods.co/themes/quantum-pro/demos/demo2/auth.register.html]
[www.authenticgoods.co/themes/quantum-pro/demos/demo2/auth.forgot-password.html]
[www.authenticgoods.co/themes/quantum-pro/demos/demo2/helper-classes.html]
[www.authenticgoods.co/themes/quantum-pro/demos/demo2/javascriptvoid(0).html]
[www.authenticgoods.co/themes/quantum-pro/demos/demo2/components.drag-and-drop.html]
[www.authenticgoods.co/themes/quantum-pro/demos/demo2/profile.html]
